╔════════════════════════════════════════════════════════════╗
║         NeurX AI OS - System Manager & Monitor             ║
╚════════════════════════════════════════════════════════════╝

🔍 Detecting hardware...
   ✓ Found 64 CPU cores
   ✓ Found 8 NVIDIA H100 GPUs (900GB total memory)
   ✓ Found 512GB system memory
   ✓ Found 10Gbps network interface

🔧 Initializing layer managers...
   ✓ Boot manager initialized
   ✓ HAL manager initialized
   ✓ Driver manager initialized
   ✓ Kernel manager initialized
   ✓ Memory manager initialized
   ✓ File system manager initialized
   ✓ Network manager initialized
   ✓ Service manager initialized
   ✓ Application manager initialized

💊 Checking system health...
   ✓ All layers healthy
   ✓ All services running
   ✓ No critical errors


📈 Performance Metrics:
   • GPU Utilization: 85%
   • Memory Usage: 320GB / 512GB (62%)
   • Network Bandwidth: 450Gbps / 500Gbps (90%)
   • Inference Latency: 95ms (p99)
   • Request Throughput: 1250 req/s

🎯 Running Services:
   ✓ Inference Service (3.6M requests total)
   ✓ Training Pipeline (450 active jobs)
   ✓ Model Registry (3.2K models)
   ✓ Request Scheduler (125K pending)
   ✓ Monitoring System (500K metrics)

✅ System Manager initialized successfully!
🚀 AI OS ready for inference workloads
