
╔════════════════════════════════════════════════════════════╗
║     NeurX Phase 3 - AI OS Locking + VFS + Network Demo     ║
║  Mutex + Semaphore + Spinlock + RW-Lock + Atomic + VFS +   ║
║          Inode-Cache + Dentry-Cache + Socket + TCP/IP      ║
╚════════════════════════════════════════════════════════════╝

════════════════════════════════════════════════════════════
  🔒 Demonstrating Mutex Lock Mechanism
════════════════════════════════════════════════════════════
╔════════════════════════════════════════════════════════════╗
║               NeurX Mutex - Status Report                  ║
╚════════════════════════════════════════════════════════════╝

📊 Mutex State:
   • Status: 🟢 Unlocked
   • Owner PID: 
0
   • Contention Count: 
0

✅ Mutex operational!


════════════════════════════════════════════════════════════
  🚦 Demonstrating Semaphore Synchronization
════════════════════════════════════════════════════════════
╔════════════════════════════════════════════════════════════╗
║            NeurX Semaphore - Status Report                 ║
╚════════════════════════════════════════════════════════════╝

📊 Semaphore Configuration:
   • Initial Count: 
3
   • Current Count: 
3

📈 Statistics:
   • Total Acquired: 
0
   • Total Released: 
0
   • Waiters in Queue: 
0

✅ Semaphore operational!


════════════════════════════════════════════════════════════
  ⚡ Demonstrating Spinlock (CPU Busy-Wait)
════════════════════════════════════════════════════════════
╔════════════════════════════════════════════════════════════╗
║              NeurX Spinlock - Status Report                ║
╚════════════════════════════════════════════════════════════╝

📊 Spinlock State:
   • Status: 🟢 Unlocked
   • Owner CPU: 
-1

📈 Statistics:
   • Total Spins: 
0
   • Lock Acquisitions: 
0

✅ Spinlock operational!


════════════════════════════════════════════════════════════
  📖 Demonstrating Reader-Writer Lock
════════════════════════════════════════════════════════════
╔════════════════════════════════════════════════════════════╗
║            NeurX RW-Lock - Status Report                   ║
╚════════════════════════════════════════════════════════════╝

📊 RW-Lock State:
   • Active Readers: 
0
   • Write Lock: 🟢 Unlocked
   • Write Waiters: 
0

📈 Statistics:
   • Reader Acquisitions: 
0
   • Writer Acquisitions: 
0

✅ RW-Lock operational!


════════════════════════════════════════════════════════════
  ⚛️  Demonstrating Atomic Operations
════════════════════════════════════════════════════════════
╔════════════════════════════════════════════════════════════╗
║             NeurX Atomic - Status Report                   ║
╚════════════════════════════════════════════════════════════╝

📊 Atomic Value:
   • Current Value: 
0

📈 Statistics:
   • Increments: 
0
   • Decrements: 
0
   • CAS Operations: 
0

✅ Atomic operations operational!


════════════════════════════════════════════════════════════
  📂 Demonstrating VFS Layer (Virtual File System)
════════════════════════════════════════════════════════════
╔════════════════════════════════════════════════════════════╗
║              NeurX VFS Layer - Status Report               ║
╚════════════════════════════════════════════════════════════╝

📊 Filesystem: 
ext4
   • Block Size: 
4096
   • Total Blocks: 
1000000
   • Free Blocks: 
1000000

   • Total Inodes: 
250000
   • Free Inodes: 
250000

   • Mounted: 🔴 No

✅ VFS layer operational!


════════════════════════════════════════════════════════════
  🗂️  Demonstrating Inode Cache Management
════════════════════════════════════════════════════════════
╔════════════════════════════════════════════════════════════╗
║            NeurX Inode Cache - Status Report               ║
╚════════════════════════════════════════════════════════════╝

📊 Cache Configuration:
   • Max Cached Inodes: 
10000
   • Currently Cached: 
0

📈 Cache Statistics:
   • Cache Hits: 
0
   • Cache Misses: 
0
   • Total Lookups: 
0
   • Evictions: 
0

✅ Inode cache operational!


════════════════════════════════════════════════════════════
  📋 Demonstrating Dentry (Directory Entry) Cache
════════════════════════════════════════════════════════════
╔════════════════════════════════════════════════════════════╗
║           NeurX Dentry Cache - Status Report               ║
╚════════════════════════════════════════════════════════════╝

📊 Dentry Cache Configuration:
   • Max Cached Entries: 
5000
   • Currently Cached: 
0

📈 Dentry Cache Statistics:
   • Dcache Hits: 
0
   • Dcache Misses: 
0
   • Total Path Lookups: 
0
   • Evictions: 
0

✅ Dentry cache operational!


════════════════════════════════════════════════════════════
  🔌 Demonstrating Socket Layer (BSD Sockets)
════════════════════════════════════════════════════════════
╔════════════════════════════════════════════════════════════╗
║          NeurX Socket Manager - Status Report              ║
╚════════════════════════════════════════════════════════════╝

📊 Socket Configuration:
   • Total Sockets Created: 
0
   • Active Sockets: 
0

📈 Socket Statistics:
   • Total Connections: 
0
   • Total Disconnections: 
0
   • Socket Errors: 
0

✅ Socket layer operational!


════════════════════════════════════════════════════════════
✅ Phase 3 Demonstration Complete!
All locking, filesystem, and network systems operational
════════════════════════════════════════════════════════════

