
╔════════════════════════════════════════════════════════════╗
║          NeurX Phase 2 - AI OS Storage & I/O Demo          ║
║  Block Devices + I/O Scheduler + Async I/O + Memory Mgmt   ║
╚════════════════════════════════════════════════════════════╝

════════════════════════════════════════════════════════════
  💾 Demonstrating Block Storage Subsystem
════════════════════════════════════════════════════════════
╔════════════════════════════════════════════════════════════╗
║      NeurX Block Device Manager - Status Report            ║
╚════════════════════════════════════════════════════════════╝

📊 Block Device Configuration:
   • Total Devices: 
0
   • Mounted Devices: 
0

📈 Statistics:
   • Total Requests: 
0
   • Total Sectors Read: 
0

✅ Block device manager operational!

════════════════════════════════════════════════════════════
  ⚙️  Demonstrating I/O Scheduler
════════════════════════════════════════════════════════════
╔════════════════════════════════════════════════════════════╗
║        NeurX I/O Scheduler - Status Report                 ║
╚════════════════════════════════════════════════════════════╝

📊 I/O Scheduler Configuration:
   • Scheduling Policy: Priority-based elevator algorithm

📈 Statistics:
   • Total I/O Requests: 
0
   • Completed Requests: 
0

✅ I/O scheduler operational!

════════════════════════════════════════════════════════════
  📦 Demonstrating Block Cache
════════════════════════════════════════════════════════════
╔════════════════════════════════════════════════════════════╗
║         NeurX Block Cache - Status Report                  ║
╚════════════════════════════════════════════════════════════╝

📊 Block Cache Configuration:
   • Cache Size: 
256
MB

📈 Statistics:
   • Cache Hits: 
0
   • Cache Misses: 
0

✅ Block cache operational!

════════════════════════════════════════════════════════════
  🔄 Demonstrating Async I/O
════════════════════════════════════════════════════════════
╔════════════════════════════════════════════════════════════╗
║       NeurX Async I/O Engine - Status Report               ║
╚════════════════════════════════════════════════════════════╝

📊 Async I/O Engine Configuration:
   • Backend: io_uring (Linux 5.1+)

📈 Statistics:
   • Total Async Operations: 
0
   • Completed Operations: 
0

✅ Async I/O engine operational!

════════════════════════════════════════════════════════════
  🧠 Demonstrating Memory Management
════════════════════════════════════════════════════════════
╔════════════════════════════════════════════════════════════╗
║       NeurX Memory Manager - Status Report                 ║
╚════════════════════════════════════════════════════════════╝

📊 Memory Configuration:
   • Total Memory: 
512
MB

📈 Memory Statistics:
   • Used Memory: 
0
MB
   • Available Memory: 
512
MB
   • Page Faults: 
0

✅ Memory manager operational!

════════════════════════════════════════════════════════════
  🔌 Demonstrating Device Drivers
════════════════════════════════════════════════════════════
╔════════════════════════════════════════════════════════════╗
║       NeurX Device Driver Manager - Status Report          ║
╚════════════════════════════════════════════════════════════╝

📊 Driver Manager Configuration:
   • Driver Architecture: Modular character & block drivers

📈 Statistics:
   • Total Drivers Registered: 
0
   • Active Drivers: 
0

✅ Device driver manager operational!

════════════════════════════════════════════════════════════
✅ Phase 2 Demonstration Complete!
All storage, I/O, and memory systems operational
════════════════════════════════════════════════════════════

