
╔════════════════════════════════════════════════════════════╗
║         NeurX Phase 1 - AI OS Integration Demo             ║
║   Advanced Scheduler + IPC + Process Management            ║
╚════════════════════════════════════════════════════════════╝

════════════════════════════════════════════════════════════
  🎯 Demonstrating Advanced Scheduler
════════════════════════════════════════════════════════════
╔════════════════════════════════════════════════════════════╗
║         NeurX Advanced Scheduler - Status Report           ║
╚════════════════════════════════════════════════════════════╝

📊 Scheduler Configuration:
   • Total CPUs: 
8
   • Priority Levels: 
140

📈 Statistics:
   • Total Schedules: 
0
   • Context Switches: 
0

✅ Advanced scheduler operational!

════════════════════════════════════════════════════════════
  🔗 Demonstrating IPC Pipes
════════════════════════════════════════════════════════════
╔════════════════════════════════════════════════════════════╗
║           NeurX IPC Pipes - Status Report                  ║
╚════════════════════════════════════════════════════════════╝

📊 Pipe Configuration:
   • Total Pipes Created: 
0
   • Active Pipes: 
0

📈 Statistics:
   • Total Bytes Written: 
0
   • Total Bytes Read: 
0

✅ IPC pipes operational!

════════════════════════════════════════════════════════════
  📨 Demonstrating Message Queues
════════════════════════════════════════════════════════════
╔════════════════════════════════════════════════════════════╗
║        NeurX Message Queues - Status Report                ║
╚════════════════════════════════════════════════════════════╝

📊 Message Queue Configuration:
   • Total Queues Created: 
0
   • Active Queues: 
0

📈 Statistics:
   • Total Messages Sent: 
0
   • Total Messages Received: 
0

✅ Message queues operational!

════════════════════════════════════════════════════════════
  🔄 Demonstrating Process Manager
════════════════════════════════════════════════════════════
╔════════════════════════════════════════════════════════════╗
║      NeurX Process Manager - Status Report                 ║
╚════════════════════════════════════════════════════════════╝

📊 Process Management Configuration:
   • Total Processes Created: 
0
   • Active Processes: 
0

📈 Statistics:
   • Processes Terminated: 
0
   • Current Max PID: 
1

✅ Process manager operational!

════════════════════════════════════════════════════════════
✅ Phase 1 Demonstration Complete!
All systems operational and integrated successfully
════════════════════════════════════════════════════════════

