execve("/app/s/bin/s_arm64_20260428181359", ["/app/s/bin/s_arm64_2026042818135"..., "simple.s", "simple.ir"], 0xfffff65aadd0 /* 47 vars */) = 0
brk(NULL)                               = 0xaaaaecc32000
mmap(NULL, 8192, PROT_READ|PROT_WRITE, MAP_PRIVATE|MAP_ANONYMOUS, -1, 0) = 0x40003a074000
faccessat(AT_FDCWD, "/etc/ld.so.preload", R_OK) = -1 ENOENT (No such file or directory)
openat(AT_FDCWD, "/usr/local/lib/tls/aarch64/atomics/libc.so.6", O_RDONLY|O_CLOEXEC) = -1 ENOENT (No such file or directory)
newfstatat(AT_FDCWD, "/usr/local/lib/tls/aarch64/atomics", 0xffffc170b8a0, 0) = -1 ENOENT (No such file or directory)
openat(AT_FDCWD, "/usr/local/lib/tls/aarch64/libc.so.6", O_RDONLY|O_CLOEXEC) = -1 ENOENT (No such file or directory)
newfstatat(AT_FDCWD, "/usr/local/lib/tls/aarch64", 0xffffc170b8a0, 0) = -1 ENOENT (No such file or directory)
openat(AT_FDCWD, "/usr/local/lib/tls/atomics/libc.so.6", O_RDONLY|O_CLOEXEC) = -1 ENOENT (No such file or directory)
newfstatat(AT_FDCWD, "/usr/local/lib/tls/atomics", 0xffffc170b8a0, 0) = -1 ENOENT (No such file or directory)
openat(AT_FDCWD, "/usr/local/lib/tls/libc.so.6", O_RDONLY|O_CLOEXEC) = -1 ENOENT (No such file or directory)
newfstatat(AT_FDCWD, "/usr/local/lib/tls", 0xffffc170b8a0, 0) = -1 ENOENT (No such file or directory)
openat(AT_FDCWD, "/usr/local/lib/aarch64/atomics/libc.so.6", O_RDONLY|O_CLOEXEC) = -1 ENOENT (No such file or directory)
newfstatat(AT_FDCWD, "/usr/local/lib/aarch64/atomics", 0xffffc170b8a0, 0) = -1 ENOENT (No such file or directory)
openat(AT_FDCWD, "/usr/local/lib/aarch64/libc.so.6", O_RDONLY|O_CLOEXEC) = -1 ENOENT (No such file or directory)
newfstatat(AT_FDCWD, "/usr/local/lib/aarch64", 0xffffc170b8a0, 0) = -1 ENOENT (No such file or directory)
openat(AT_FDCWD, "/usr/local/lib/atomics/libc.so.6", O_RDONLY|O_CLOEXEC) = -1 ENOENT (No such file or directory)
newfstatat(AT_FDCWD, "/usr/local/lib/atomics", 0xffffc170b8a0, 0) = -1 ENOENT (No such file or directory)
openat(AT_FDCWD, "/usr/local/lib/libc.so.6", O_RDONLY|O_CLOEXEC) = -1 ENOENT (No such file or directory)
newfstatat(AT_FDCWD, "/usr/local/lib", {st_mode=S_IFDIR|0755, st_size=4096, ...}, 0) = 0
openat(AT_FDCWD, "/usr/lib/tls/aarch64/atomics/libc.so.6", O_RDONLY|O_CLOEXEC) = -1 ENOENT (No such file or directory)
newfstatat(AT_FDCWD, "/usr/lib/tls/aarch64/atomics", 0xffffc170b8a0, 0) = -1 ENOENT (No such file or directory)
openat(AT_FDCWD, "/usr/lib/tls/aarch64/libc.so.6", O_RDONLY|O_CLOEXEC) = -1 ENOENT (No such file or directory)
newfstatat(AT_FDCWD, "/usr/lib/tls/aarch64", 0xffffc170b8a0, 0) = -1 ENOENT (No such file or directory)
openat(AT_FDCWD, "/usr/lib/tls/atomics/libc.so.6", O_RDONLY|O_CLOEXEC) = -1 ENOENT (No such file or directory)
newfstatat(AT_FDCWD, "/usr/lib/tls/atomics", 0xffffc170b8a0, 0) = -1 ENOENT (No such file or directory)
openat(AT_FDCWD, "/usr/lib/tls/libc.so.6", O_RDONLY|O_CLOEXEC) = -1 ENOENT (No such file or directory)
newfstatat(AT_FDCWD, "/usr/lib/tls", 0xffffc170b8a0, 0) = -1 ENOENT (No such file or directory)
openat(AT_FDCWD, "/usr/lib/aarch64/atomics/libc.so.6", O_RDONLY|O_CLOEXEC) = -1 ENOENT (No such file or directory)
newfstatat(AT_FDCWD, "/usr/lib/aarch64/atomics", 0xffffc170b8a0, 0) = -1 ENOENT (No such file or directory)
openat(AT_FDCWD, "/usr/lib/aarch64/libc.so.6", O_RDONLY|O_CLOEXEC) = -1 ENOENT (No such file or directory)
newfstatat(AT_FDCWD, "/usr/lib/aarch64", 0xffffc170b8a0, 0) = -1 ENOENT (No such file or directory)
openat(AT_FDCWD, "/usr/lib/atomics/libc.so.6", O_RDONLY|O_CLOEXEC) = -1 ENOENT (No such file or directory)
newfstatat(AT_FDCWD, "/usr/lib/atomics", 0xffffc170b8a0, 0) = -1 ENOENT (No such file or directory)
openat(AT_FDCWD, "/usr/lib/libc.so.6", O_RDONLY|O_CLOEXEC) = -1 ENOENT (No such file or directory)
newfstatat(AT_FDCWD, "/usr/lib", {st_mode=S_IFDIR|0755, st_size=4096, ...}, 0) = 0
openat(AT_FDCWD, "/lib/tls/aarch64/atomics/libc.so.6", O_RDONLY|O_CLOEXEC) = -1 ENOENT (No such file or directory)
newfstatat(AT_FDCWD, "/lib/tls/aarch64/atomics", 0xffffc170b8a0, 0) = -1 ENOENT (No such file or directory)
openat(AT_FDCWD, "/lib/tls/aarch64/libc.so.6", O_RDONLY|O_CLOEXEC) = -1 ENOENT (No such file or directory)
newfstatat(AT_FDCWD, "/lib/tls/aarch64", 0xffffc170b8a0, 0) = -1 ENOENT (No such file or directory)
openat(AT_FDCWD, "/lib/tls/atomics/libc.so.6", O_RDONLY|O_CLOEXEC) = -1 ENOENT (No such file or directory)
newfstatat(AT_FDCWD, "/lib/tls/atomics", 0xffffc170b8a0, 0) = -1 ENOENT (No such file or directory)
openat(AT_FDCWD, "/lib/tls/libc.so.6", O_RDONLY|O_CLOEXEC) = -1 ENOENT (No such file or directory)
newfstatat(AT_FDCWD, "/lib/tls", 0xffffc170b8a0, 0) = -1 ENOENT (No such file or directory)
openat(AT_FDCWD, "/lib/aarch64/atomics/libc.so.6", O_RDONLY|O_CLOEXEC) = -1 ENOENT (No such file or directory)
newfstatat(AT_FDCWD, "/lib/aarch64/atomics", 0xffffc170b8a0, 0) = -1 ENOENT (No such file or directory)
openat(AT_FDCWD, "/lib/aarch64/libc.so.6", O_RDONLY|O_CLOEXEC) = -1 ENOENT (No such file or directory)
newfstatat(AT_FDCWD, "/lib/aarch64", 0xffffc170b8a0, 0) = -1 ENOENT (No such file or directory)
openat(AT_FDCWD, "/lib/atomics/libc.so.6", O_RDONLY|O_CLOEXEC) = -1 ENOENT (No such file or directory)
newfstatat(AT_FDCWD, "/lib/atomics", 0xffffc170b8a0, 0) = -1 ENOENT (No such file or directory)
openat(AT_FDCWD, "/lib/libc.so.6", O_RDONLY|O_CLOEXEC) = -1 ENOENT (No such file or directory)
newfstatat(AT_FDCWD, "/lib", {st_mode=S_IFDIR|0755, st_size=4096, ...}, 0) = 0
openat(AT_FDCWD, "/etc/ld.so.cache", O_RDONLY|O_CLOEXEC) = 3
newfstatat(3, "", {st_mode=S_IFREG|0644, st_size=31013, ...}, AT_EMPTY_PATH) = 0
mmap(NULL, 31013, PROT_READ, MAP_PRIVATE, 3, 0) = 0x40003a076000
close(3)                                = 0
openat(AT_FDCWD, "/lib/aarch64-linux-gnu/libc.so.6", O_RDONLY|O_CLOEXEC) = 3
read(3, "\177ELF\2\1\1\3\0\0\0\0\0\0\0\0\3\0\267\0\1\0\0\0\360u\2\0\0\0\0\0"..., 832) = 832
newfstatat(3, "", {st_mode=S_IFREG|0755, st_size=1661968, ...}, AT_EMPTY_PATH) = 0
mmap(NULL, 1830504, PROT_NONE, MAP_PRIVATE|MAP_ANONYMOUS, -1, 0) = 0x40003a084000
mmap(0x40003a090000, 1764968, PROT_READ|PROT_EXEC, MAP_PRIVATE|MAP_FIXED|MAP_DENYWRITE, 3, 0) = 0x40003a090000
munmap(0x40003a084000, 49152)           = 0
munmap(0x40003a23f000, 15976)           = 0
mprotect(0x40003a21e000, 61440, PROT_NONE) = 0
mmap(0x40003a22d000, 24576, PROT_READ|PROT_WRITE, MAP_PRIVATE|MAP_FIXED|MAP_DENYWRITE, 3, 0x18d000) = 0x40003a22d000
mmap(0x40003a233000, 48744, PROT_READ|PROT_WRITE, MAP_PRIVATE|MAP_FIXED|MAP_ANONYMOUS, -1, 0) = 0x40003a233000
close(3)                                = 0
set_tid_address(0x40003a074fd0)         = 2474902
set_robust_list(0x40003a074fe0, 24)     = 0
rseq(0x40003a0756a0, 0x20, 0, 0xd428bc00) = 0
mprotect(0x40003a22d000, 16384, PROT_READ) = 0
mprotect(0xaaaae8d38000, 4096, PROT_READ) = 0
mprotect(0x40003a080000, 8192, PROT_READ) = 0
prlimit64(0, RLIMIT_STACK, NULL, {rlim_cur=RLIM64_INFINITY, rlim_max=RLIM64_INFINITY}) = 0
munmap(0x40003a076000, 31013)           = 0
getrandom("\x42\x9f\x70\x0a\xfc\x80\xf8\x00", 8, GRND_NONBLOCK) = 8
brk(NULL)                               = 0xaaaaecc32000
brk(0xaaaaecc53000)                     = 0xaaaaecc53000
openat(AT_FDCWD, "simple.s", O_RDONLY)  = 3
newfstatat(3, "", {st_mode=S_IFREG|0644, st_size=32, ...}, AT_EMPTY_PATH) = 0
newfstatat(3, "", {st_mode=S_IFREG|0644, st_size=32, ...}, AT_EMPTY_PATH) = 0
lseek(3, 0, SEEK_SET)                   = 0
read(3, "package test\n\nstruct example {}\n", 32) = 32
lseek(3, 32, SEEK_SET)                  = 32
close(3)                                = 0
openat(AT_FDCWD, "simple.ir", O_WRONLY|O_CREAT|O_TRUNC, 0666) = 3
close(3)                                = 0
write(2, "error[3] at 0:0: out of memory\n", 31) = 31
exit_group(1)                           = ?
+++ exited with 1 +++
